2025-09-20 13:27:32,128 - Добавлен новый MAC: 38-F7-CD-CA-B7-1B
2025-09-20 13:27:32,128 - Добавлен новый MAC: 4E-6B-B8-91-D1-6C
2025-09-20 13:27:32,128 - Добавлен новый MAC: 42-6B-B8-91-D1-6C
2025-09-20 13:27:32,129 - Добавлен новый MAC: 00-FF-86-75-C9-E0
2025-09-20 13:27:32,129 - Добавлен новый MAC: 4C-6B-B8-91-D1-6C
2025-09-20 13:27:56,084 - Удалён MAC: 4C-6B-B8-91-D1-6C
2025-09-20 13:27:59,683 - Добавлен новый MAC: 4C-6B-B8-91-D1-6C
2025-09-20 19:15:11,415 - Удалён MAC: 4C-6B-B8-91-D1-6C
2025-09-20 19:15:11,416 - Удалён MAC: 38-F7-CD-CA-B7-1B
2025-09-20 19:15:11,416 - Удалён MAC: 4E-6B-B8-91-D1-6C
2025-09-20 19:15:11,416 - Удалён MAC: 42-6B-B8-91-D1-6C
2025-09-20 19:15:11,417 - Удалён MAC: 00-FF-86-75-C9-E0
2025-09-20 19:15:30,310 - Добавлен новый MAC: 4E-6B-B8-91-D1-6C
2025-09-20 19:15:30,310 - Добавлен новый MAC: 42-6B-B8-91-D1-6C
2025-09-20 19:15:30,310 - Добавлен новый MAC: 00-FF-86-75-C9-E0
2025-09-20 19:15:30,310 - Добавлен новый MAC: 4C-6B-B8-91-D1-6C
2025-09-20 19:15:30,310 - Добавлен новый MAC: 38-F7-CD-CA-B7-1B
2025-09-20 19:15:51,742 - Удалён MAC: 4E-6B-B8-91-D1-6C
2025-09-20 19:15:51,742 - Удалён MAC: 42-6B-B8-91-D1-6C
2025-09-20 19:15:51,742 - Удалён MAC: 00-FF-86-75-C9-E0
2025-09-20 19:15:51,742 - Удалён MAC: 4C-6B-B8-91-D1-6C
2025-09-20 19:15:51,742 - Удалён MAC: 38-F7-CD-CA-B7-1B
2025-09-20 19:15:54,577 - Добавлен новый MAC: 4E-6B-B8-91-D1-6C
2025-09-20 19:15:54,577 - Добавлен новый MAC: 42-6B-B8-91-D1-6C
2025-09-20 19:15:54,577 - Добавлен новый MAC: 00-FF-86-75-C9-E0
2025-09-20 19:15:54,578 - Добавлен новый MAC: 4C-6B-B8-91-D1-6C
2025-09-20 19:15:54,578 - Добавлен новый MAC: 38-F7-CD-CA-B7-1B
